  Determining projects to restore...
D:\Shubham Data\Prahlad Project New\PGKing.Application\PGKing.Application.csproj : warning NU1903: Package 'AutoMapper' 14.0.0 has a known high severity vulnerability, https://github.com/advisories/GHSA-rvv3-g6hj-g44x [D:\Shubham Data\Prahlad Project New\PGKing.sln]
D:\Shubham Data\Prahlad Project New\PGKing.UI\PGKing.UI.csproj : warning NU1903: Package 'AutoMapper' 14.0.0 has a known high severity vulnerability, https://github.com/advisories/GHSA-rvv3-g6hj-g44x [D:\Shubham Data\Prahlad Project New\PGKing.sln]
  All projects are up-to-date for restore.
D:\Shubham Data\Prahlad Project New\PGKing.Application\PGKing.Application.csproj : warning NU1903: Package 'AutoMapper' 14.0.0 has a known high severity vulnerability, https://github.com/advisories/GHSA-rvv3-g6hj-g44x
  PGKing.Application -> D:\Shubham Data\Prahlad Project New\PGKing.Application\bin\Debug\net9.0\PGKing.Application.dll
  PGKing.Infrastructure -> D:\Shubham Data\Prahlad Project New\PGKing.Infrastructure\bin\Debug\net9.0\PGKing.Infrastructure.dll
D:\Shubham Data\Prahlad Project New\PGKing.UI\PGKing.UI.csproj : warning NU1903: Package 'AutoMapper' 14.0.0 has a known high severity vulnerability, https://github.com/advisories/GHSA-rvv3-g6hj-g44x
D:\Shubham Data\Prahlad Project New\PGKing.UI\Controllers\AuthController.cs(28,101): warning CS8625: Cannot convert null literal to non-nullable reference type. [D:\Shubham Data\Prahlad Project New\PGKing.UI\PGKing.UI.csproj]
D:\Shubham Data\Prahlad Project New\PGKing.UI\Controllers\Api\PropertiesController.cs(56,50): warning CS8625: Cannot convert null literal to non-nullable reference type. [D:\Shubham Data\Prahlad Project New\PGKing.UI\PGKing.UI.csproj]
D:\Shubham Data\Prahlad Project New\PGKing.UI\Controllers\Api\PropertiesController.cs(70,50): warning CS8625: Cannot convert null literal to non-nullable reference type. [D:\Shubham Data\Prahlad Project New\PGKing.UI\PGKing.UI.csproj]
D:\Shubham Data\Prahlad Project New\PGKing.UI\Controllers\Api\AuthApiController.cs(54,50): warning CS8625: Cannot convert null literal to non-nullable reference type. [D:\Shubham Data\Prahlad Project New\PGKing.UI\PGKing.UI.csproj]
D:\Shubham Data\Prahlad Project New\PGKing.UI\Controllers\Api\VendorController.cs(102,46): warning CS8625: Cannot convert null literal to non-nullable reference type. [D:\Shubham Data\Prahlad Project New\PGKing.UI\PGKing.UI.csproj]
D:\Shubham Data\Prahlad Project New\PGKing.UI\Controllers\AdminController.cs(49,30): warning CS0168: The variable 'ex' is declared but never used [D:\Shubham Data\Prahlad Project New\PGKing.UI\PGKing.UI.csproj]
D:\Shubham Data\Prahlad Project New\PGKing.UI\Controllers\Api\SuperAdminController.cs(80,46): warning CS8625: Cannot convert null literal to non-nullable reference type. [D:\Shubham Data\Prahlad Project New\PGKing.UI\PGKing.UI.csproj]
D:\Shubham Data\Prahlad Project New\PGKing.UI\Controllers\AdminController.cs(292,34): warning CS0168: The variable 'ex' is declared but never used [D:\Shubham Data\Prahlad Project New\PGKing.UI\PGKing.UI.csproj]
D:\Shubham Data\Prahlad Project New\PGKing.UI\Controllers\AdminController.cs(327,34): warning CS0168: The variable 'ex' is declared but never used [D:\Shubham Data\Prahlad Project New\PGKing.UI\PGKing.UI.csproj]
D:\Shubham Data\Prahlad Project New\PGKing.UI\Controllers\AdminController.cs(612,39): warning CS8602: Dereference of a possibly null reference. [D:\Shubham Data\Prahlad Project New\PGKing.UI\PGKing.UI.csproj]
C:\Program Files\dotnet\sdk\9.0.306\Microsoft.Common.CurrentVersion.targets(5093,5): warning MSB3026: Could not copy "D:\Shubham Data\Prahlad Project New\PGKing.Application\bin\Debug\net9.0\PGKing.Application.dll" to "bin\Debug\net9.0\PGKing.Application.dll". Beginning retry 1 in 1000ms. The process cannot access the file 'D:\Shubham Data\Prahlad Project New\PGKing.UI\bin\Debug\net9.0\PGKing.Application.dll' because it is being used by another process. The file is locked by: "PGKing.UI (21216)" [D:\Shubham Data\Prahlad Project New\PGKing.UI\PGKing.UI.csproj]
C:\Program Files\dotnet\sdk\9.0.306\Microsoft.Common.CurrentVersion.targets(5093,5): warning MSB3026: Could not copy "D:\Shubham Data\Prahlad Project New\PGKing.Infrastructure\bin\Debug\net9.0\PGKing.Infrastructure.dll" to "bin\Debug\net9.0\PGKing.Infrastructure.dll". Beginning retry 1 in 1000ms. The process cannot access the file 'D:\Shubham Data\Prahlad Project New\PGKing.UI\bin\Debug\net9.0\PGKing.Infrastructure.dll' because it is being used by another process. The file is locked by: "Microsoft Visual Studio 2022 (26580), PGKing.UI (21216)" [D:\Shubham Data\Prahlad Project New\PGKing.UI\PGKing.UI.csproj]
C:\Program Files\dotnet\sdk\9.0.306\Microsoft.Common.CurrentVersion.targets(5093,5): warning MSB3026: Could not copy "D:\Shubham Data\Prahlad Project New\PGKing.Application\bin\Debug\net9.0\PGKing.Application.dll" to "bin\Debug\net9.0\PGKing.Application.dll". Beginning retry 2 in 1000ms. The process cannot access the file 'D:\Shubham Data\Prahlad Project New\PGKing.UI\bin\Debug\net9.0\PGKing.Application.dll' because it is being used by another process. The file is locked by: "PGKing.UI (21216)" [D:\Shubham Data\Prahlad Project New\PGKing.UI\PGKing.UI.csproj]
C:\Program Files\dotnet\sdk\9.0.306\Microsoft.Common.CurrentVersion.targets(5093,5): warning MSB3026: Could not copy "D:\Shubham Data\Prahlad Project New\PGKing.Infrastructure\bin\Debug\net9.0\PGKing.Infrastructure.dll" to "bin\Debug\net9.0\PGKing.Infrastructure.dll". Beginning retry 2 in 1000ms. The process cannot access the file 'D:\Shubham Data\Prahlad Project New\PGKing.UI\bin\Debug\net9.0\PGKing.Infrastructure.dll' because it is being used by another process. The file is locked by: "Microsoft Visual Studio 2022 (26580), PGKing.UI (21216)" [D:\Shubham Data\Prahlad Project New\PGKing.UI\PGKing.UI.csproj]
C:\Program Files\dotnet\sdk\9.0.306\Microsoft.Common.CurrentVersion.targets(5093,5): warning MSB3026: Could not copy "D:\Shubham Data\Prahlad Project New\PGKing.Application\bin\Debug\net9.0\PGKing.Application.dll" to "bin\Debug\net9.0\PGKing.Application.dll". Beginning retry 3 in 1000ms. The process cannot access the file 'D:\Shubham Data\Prahlad Project New\PGKing.UI\bin\Debug\net9.0\PGKing.Application.dll' because it is being used by another process. The file is locked by: "PGKing.UI (21216)" [D:\Shubham Data\Prahlad Project New\PGKing.UI\PGKing.UI.csproj]
C:\Program Files\dotnet\sdk\9.0.306\Microsoft.Common.CurrentVersion.targets(5093,5): warning MSB3026: Could not copy "D:\Shubham Data\Prahlad Project New\PGKing.Infrastructure\bin\Debug\net9.0\PGKing.Infrastructure.dll" to "bin\Debug\net9.0\PGKing.Infrastructure.dll". Beginning retry 3 in 1000ms. The process cannot access the file 'D:\Shubham Data\Prahlad Project New\PGKing.UI\bin\Debug\net9.0\PGKing.Infrastructure.dll' because it is being used by another process. The file is locked by: "Microsoft Visual Studio 2022 (26580), PGKing.UI (21216)" [D:\Shubham Data\Prahlad Project New\PGKing.UI\PGKing.UI.csproj]
C:\Program Files\dotnet\sdk\9.0.306\Microsoft.Common.CurrentVersion.targets(5093,5): warning MSB3026: Could not copy "D:\Shubham Data\Prahlad Project New\PGKing.Application\bin\Debug\net9.0\PGKing.Application.dll" to "bin\Debug\net9.0\PGKing.Application.dll". Beginning retry 4 in 1000ms. The process cannot access the file 'D:\Shubham Data\Prahlad Project New\PGKing.UI\bin\Debug\net9.0\PGKing.Application.dll' because it is being used by another process. The file is locked by: "PGKing.UI (21216)" [D:\Shubham Data\Prahlad Project New\PGKing.UI\PGKing.UI.csproj]
C:\Program Files\dotnet\sdk\9.0.306\Microsoft.Common.CurrentVersion.targets(5093,5): warning MSB3026: Could not copy "D:\Shubham Data\Prahlad Project New\PGKing.Infrastructure\bin\Debug\net9.0\PGKing.Infrastructure.dll" to "bin\Debug\net9.0\PGKing.Infrastructure.dll". Beginning retry 4 in 1000ms. The process cannot access the file 'D:\Shubham Data\Prahlad Project New\PGKing.UI\bin\Debug\net9.0\PGKing.Infrastructure.dll' because it is being used by another process. The file is locked by: "Microsoft Visual Studio 2022 (26580), PGKing.UI (21216)" [D:\Shubham Data\Prahlad Project New\PGKing.UI\PGKing.UI.csproj]
C:\Program Files\dotnet\sdk\9.0.306\Microsoft.Common.CurrentVersion.targets(5093,5): warning MSB3026: Could not copy "D:\Shubham Data\Prahlad Project New\PGKing.Application\bin\Debug\net9.0\PGKing.Application.dll" to "bin\Debug\net9.0\PGKing.Application.dll". Beginning retry 5 in 1000ms. The process cannot access the file 'D:\Shubham Data\Prahlad Project New\PGKing.UI\bin\Debug\net9.0\PGKing.Application.dll' because it is being used by another process. The file is locked by: "PGKing.UI (21216)" [D:\Shubham Data\Prahlad Project New\PGKing.UI\PGKing.UI.csproj]
C:\Program Files\dotnet\sdk\9.0.306\Microsoft.Common.CurrentVersion.targets(5093,5): warning MSB3026: Could not copy "D:\Shubham Data\Prahlad Project New\PGKing.Infrastructure\bin\Debug\net9.0\PGKing.Infrastructure.dll" to "bin\Debug\net9.0\PGKing.Infrastructure.dll". Beginning retry 5 in 1000ms. The process cannot access the file 'D:\Shubham Data\Prahlad Project New\PGKing.UI\bin\Debug\net9.0\PGKing.Infrastructure.dll' because it is being used by another process. The file is locked by: "Microsoft Visual Studio 2022 (26580), PGKing.UI (21216)" [D:\Shubham Data\Prahlad Project New\PGKing.UI\PGKing.UI.csproj]
C:\Program Files\dotnet\sdk\9.0.306\Microsoft.Common.CurrentVersion.targets(5093,5): warning MSB3026: Could not copy "D:\Shubham Data\Prahlad Project New\PGKing.Application\bin\Debug\net9.0\PGKing.Application.dll" to "bin\Debug\net9.0\PGKing.Application.dll". Beginning retry 6 in 1000ms. The process cannot access the file 'D:\Shubham Data\Prahlad Project New\PGKing.UI\bin\Debug\net9.0\PGKing.Application.dll' because it is being used by another process. The file is locked by: "PGKing.UI (21216)" [D:\Shubham Data\Prahlad Project New\PGKing.UI\PGKing.UI.csproj]
C:\Program Files\dotnet\sdk\9.0.306\Microsoft.Common.CurrentVersion.targets(5093,5): warning MSB3026: Could not copy "D:\Shubham Data\Prahlad Project New\PGKing.Infrastructure\bin\Debug\net9.0\PGKing.Infrastructure.dll" to "bin\Debug\net9.0\PGKing.Infrastructure.dll". Beginning retry 6 in 1000ms. The process cannot access the file 'D:\Shubham Data\Prahlad Project New\PGKing.UI\bin\Debug\net9.0\PGKing.Infrastructure.dll' because it is being used by another process. The file is locked by: "Microsoft Visual Studio 2022 (26580), PGKing.UI (21216)" [D:\Shubham Data\Prahlad Project New\PGKing.UI\PGKing.UI.csproj]
C:\Program Files\dotnet\sdk\9.0.306\Microsoft.Common.CurrentVersion.targets(5093,5): warning MSB3026: Could not copy "D:\Shubham Data\Prahlad Project New\PGKing.Application\bin\Debug\net9.0\PGKing.Application.dll" to "bin\Debug\net9.0\PGKing.Application.dll". Beginning retry 7 in 1000ms. The process cannot access the file 'D:\Shubham Data\Prahlad Project New\PGKing.UI\bin\Debug\net9.0\PGKing.Application.dll' because it is being used by another process. The file is locked by: "PGKing.UI (21216)" [D:\Shubham Data\Prahlad Project New\PGKing.UI\PGKing.UI.csproj]
C:\Program Files\dotnet\sdk\9.0.306\Microsoft.Common.CurrentVersion.targets(5093,5): warning MSB3026: Could not copy "D:\Shubham Data\Prahlad Project New\PGKing.Infrastructure\bin\Debug\net9.0\PGKing.Infrastructure.dll" to "bin\Debug\net9.0\PGKing.Infrastructure.dll". Beginning retry 7 in 1000ms. The process cannot access the file 'D:\Shubham Data\Prahlad Project New\PGKing.UI\bin\Debug\net9.0\PGKing.Infrastructure.dll' because it is being used by another process. The file is locked by: "Microsoft Visual Studio 2022 (26580), PGKing.UI (21216)" [D:\Shubham Data\Prahlad Project New\PGKing.UI\PGKing.UI.csproj]
C:\Program Files\dotnet\sdk\9.0.306\Microsoft.Common.CurrentVersion.targets(5093,5): warning MSB3026: Could not copy "D:\Shubham Data\Prahlad Project New\PGKing.Application\bin\Debug\net9.0\PGKing.Application.dll" to "bin\Debug\net9.0\PGKing.Application.dll". Beginning retry 8 in 1000ms. The process cannot access the file 'D:\Shubham Data\Prahlad Project New\PGKing.UI\bin\Debug\net9.0\PGKing.Application.dll' because it is being used by another process. The file is locked by: "PGKing.UI (21216)" [D:\Shubham Data\Prahlad Project New\PGKing.UI\PGKing.UI.csproj]
C:\Program Files\dotnet\sdk\9.0.306\Microsoft.Common.CurrentVersion.targets(5093,5): warning MSB3026: Could not copy "D:\Shubham Data\Prahlad Project New\PGKing.Infrastructure\bin\Debug\net9.0\PGKing.Infrastructure.dll" to "bin\Debug\net9.0\PGKing.Infrastructure.dll". Beginning retry 8 in 1000ms. The process cannot access the file 'D:\Shubham Data\Prahlad Project New\PGKing.UI\bin\Debug\net9.0\PGKing.Infrastructure.dll' because it is being used by another process. The file is locked by: "Microsoft Visual Studio 2022 (26580), PGKing.UI (21216)" [D:\Shubham Data\Prahlad Project New\PGKing.UI\PGKing.UI.csproj]
C:\Program Files\dotnet\sdk\9.0.306\Microsoft.Common.CurrentVersion.targets(5093,5): warning MSB3026: Could not copy "D:\Shubham Data\Prahlad Project New\PGKing.Application\bin\Debug\net9.0\PGKing.Application.dll" to "bin\Debug\net9.0\PGKing.Application.dll". Beginning retry 9 in 1000ms. The process cannot access the file 'D:\Shubham Data\Prahlad Project New\PGKing.UI\bin\Debug\net9.0\PGKing.Application.dll' because it is being used by another process. The file is locked by: "PGKing.UI (21216)" [D:\Shubham Data\Prahlad Project New\PGKing.UI\PGKing.UI.csproj]
C:\Program Files\dotnet\sdk\9.0.306\Microsoft.Common.CurrentVersion.targets(5093,5): warning MSB3026: Could not copy "D:\Shubham Data\Prahlad Project New\PGKing.Infrastructure\bin\Debug\net9.0\PGKing.Infrastructure.dll" to "bin\Debug\net9.0\PGKing.Infrastructure.dll". Beginning retry 9 in 1000ms. The process cannot access the file 'D:\Shubham Data\Prahlad Project New\PGKing.UI\bin\Debug\net9.0\PGKing.Infrastructure.dll' because it is being used by another process. The file is locked by: "Microsoft Visual Studio 2022 (26580), PGKing.UI (21216)" [D:\Shubham Data\Prahlad Project New\PGKing.UI\PGKing.UI.csproj]
C:\Program Files\dotnet\sdk\9.0.306\Microsoft.Common.CurrentVersion.targets(5093,5): warning MSB3026: Could not copy "D:\Shubham Data\Prahlad Project New\PGKing.Application\bin\Debug\net9.0\PGKing.Application.dll" to "bin\Debug\net9.0\PGKing.Application.dll". Beginning retry 10 in 1000ms. The process cannot access the file 'D:\Shubham Data\Prahlad Project New\PGKing.UI\bin\Debug\net9.0\PGKing.Application.dll' because it is being used by another process. The file is locked by: "PGKing.UI (21216)" [D:\Shubham Data\Prahlad Project New\PGKing.UI\PGKing.UI.csproj]
C:\Program Files\dotnet\sdk\9.0.306\Microsoft.Common.CurrentVersion.targets(5093,5): warning MSB3026: Could not copy "D:\Shubham Data\Prahlad Project New\PGKing.Infrastructure\bin\Debug\net9.0\PGKing.Infrastructure.dll" to "bin\Debug\net9.0\PGKing.Infrastructure.dll". Beginning retry 10 in 1000ms. The process cannot access the file 'D:\Shubham Data\Prahlad Project New\PGKing.UI\bin\Debug\net9.0\PGKing.Infrastructure.dll' because it is being used by another process. The file is locked by: "Microsoft Visual Studio 2022 (26580), PGKing.UI (21216)" [D:\Shubham Data\Prahlad Project New\PGKing.UI\PGKing.UI.csproj]
C:\Program Files\dotnet\sdk\9.0.306\Microsoft.Common.CurrentVersion.targets(5093,5): error MSB3027: Could not copy "D:\Shubham Data\Prahlad Project New\PGKing.Application\bin\Debug\net9.0\PGKing.Application.dll" to "bin\Debug\net9.0\PGKing.Application.dll". Exceeded retry count of 10. Failed. The file is locked by: "PGKing.UI (21216)" [D:\Shubham Data\Prahlad Project New\PGKing.UI\PGKing.UI.csproj]
C:\Program Files\dotnet\sdk\9.0.306\Microsoft.Common.CurrentVersion.targets(5093,5): error MSB3021: Unable to copy file "D:\Shubham Data\Prahlad Project New\PGKing.Application\bin\Debug\net9.0\PGKing.Application.dll" to "bin\Debug\net9.0\PGKing.Application.dll". The process cannot access the file 'D:\Shubham Data\Prahlad Project New\PGKing.UI\bin\Debug\net9.0\PGKing.Application.dll' because it is being used by another process. [D:\Shubham Data\Prahlad Project New\PGKing.UI\PGKing.UI.csproj]
C:\Program Files\dotnet\sdk\9.0.306\Microsoft.Common.CurrentVersion.targets(5093,5): error MSB3027: Could not copy "D:\Shubham Data\Prahlad Project New\PGKing.Infrastructure\bin\Debug\net9.0\PGKing.Infrastructure.dll" to "bin\Debug\net9.0\PGKing.Infrastructure.dll". Exceeded retry count of 10. Failed. The file is locked by: "Microsoft Visual Studio 2022 (26580), PGKing.UI (21216)" [D:\Shubham Data\Prahlad Project New\PGKing.UI\PGKing.UI.csproj]
C:\Program Files\dotnet\sdk\9.0.306\Microsoft.Common.CurrentVersion.targets(5093,5): error MSB3021: Unable to copy file "D:\Shubham Data\Prahlad Project New\PGKing.Infrastructure\bin\Debug\net9.0\PGKing.Infrastructure.dll" to "bin\Debug\net9.0\PGKing.Infrastructure.dll". The process cannot access the file 'D:\Shubham Data\Prahlad Project New\PGKing.UI\bin\Debug\net9.0\PGKing.Infrastructure.dll' because it is being used by another process. [D:\Shubham Data\Prahlad Project New\PGKing.UI\PGKing.UI.csproj]

Build FAILED.

D:\Shubham Data\Prahlad Project New\PGKing.Application\PGKing.Application.csproj : warning NU1903: Package 'AutoMapper' 14.0.0 has a known high severity vulnerability, https://github.com/advisories/GHSA-rvv3-g6hj-g44x [D:\Shubham Data\Prahlad Project New\PGKing.sln]
D:\Shubham Data\Prahlad Project New\PGKing.UI\PGKing.UI.csproj : warning NU1903: Package 'AutoMapper' 14.0.0 has a known high severity vulnerability, https://github.com/advisories/GHSA-rvv3-g6hj-g44x [D:\Shubham Data\Prahlad Project New\PGKing.sln]
D:\Shubham Data\Prahlad Project New\PGKing.Application\PGKing.Application.csproj : warning NU1903: Package 'AutoMapper' 14.0.0 has a known high severity vulnerability, https://github.com/advisories/GHSA-rvv3-g6hj-g44x
D:\Shubham Data\Prahlad Project New\PGKing.UI\PGKing.UI.csproj : warning NU1903: Package 'AutoMapper' 14.0.0 has a known high severity vulnerability, https://github.com/advisories/GHSA-rvv3-g6hj-g44x
D:\Shubham Data\Prahlad Project New\PGKing.UI\Controllers\AuthController.cs(28,101): warning CS8625: Cannot convert null literal to non-nullable reference type. [D:\Shubham Data\Prahlad Project New\PGKing.UI\PGKing.UI.csproj]
D:\Shubham Data\Prahlad Project New\PGKing.UI\Controllers\Api\PropertiesController.cs(56,50): warning CS8625: Cannot convert null literal to non-nullable reference type. [D:\Shubham Data\Prahlad Project New\PGKing.UI\PGKing.UI.csproj]
D:\Shubham Data\Prahlad Project New\PGKing.UI\Controllers\Api\PropertiesController.cs(70,50): warning CS8625: Cannot convert null literal to non-nullable reference type. [D:\Shubham Data\Prahlad Project New\PGKing.UI\PGKing.UI.csproj]
D:\Shubham Data\Prahlad Project New\PGKing.UI\Controllers\Api\AuthApiController.cs(54,50): warning CS8625: Cannot convert null literal to non-nullable reference type. [D:\Shubham Data\Prahlad Project New\PGKing.UI\PGKing.UI.csproj]
D:\Shubham Data\Prahlad Project New\PGKing.UI\Controllers\Api\VendorController.cs(102,46): warning CS8625: Cannot convert null literal to non-nullable reference type. [D:\Shubham Data\Prahlad Project New\PGKing.UI\PGKing.UI.csproj]
D:\Shubham Data\Prahlad Project New\PGKing.UI\Controllers\AdminController.cs(49,30): warning CS0168: The variable 'ex' is declared but never used [D:\Shubham Data\Prahlad Project New\PGKing.UI\PGKing.UI.csproj]
D:\Shubham Data\Prahlad Project New\PGKing.UI\Controllers\Api\SuperAdminController.cs(80,46): warning CS8625: Cannot convert null literal to non-nullable reference type. [D:\Shubham Data\Prahlad Project New\PGKing.UI\PGKing.UI.csproj]
D:\Shubham Data\Prahlad Project New\PGKing.UI\Controllers\AdminController.cs(292,34): warning CS0168: The variable 'ex' is declared but never used [D:\Shubham Data\Prahlad Project New\PGKing.UI\PGKing.UI.csproj]
D:\Shubham Data\Prahlad Project New\PGKing.UI\Controllers\AdminController.cs(327,34): warning CS0168: The variable 'ex' is declared but never used [D:\Shubham Data\Prahlad Project New\PGKing.UI\PGKing.UI.csproj]
D:\Shubham Data\Prahlad Project New\PGKing.UI\Controllers\AdminController.cs(612,39): warning CS8602: Dereference of a possibly null reference. [D:\Shubham Data\Prahlad Project New\PGKing.UI\PGKing.UI.csproj]
C:\Program Files\dotnet\sdk\9.0.306\Microsoft.Common.CurrentVersion.targets(5093,5): warning MSB3026: Could not copy "D:\Shubham Data\Prahlad Project New\PGKing.Application\bin\Debug\net9.0\PGKing.Application.dll" to "bin\Debug\net9.0\PGKing.Application.dll". Beginning retry 1 in 1000ms. The process cannot access the file 'D:\Shubham Data\Prahlad Project New\PGKing.UI\bin\Debug\net9.0\PGKing.Application.dll' because it is being used by another process. The file is locked by: "PGKing.UI (21216)" [D:\Shubham Data\Prahlad Project New\PGKing.UI\PGKing.UI.csproj]
C:\Program Files\dotnet\sdk\9.0.306\Microsoft.Common.CurrentVersion.targets(5093,5): warning MSB3026: Could not copy "D:\Shubham Data\Prahlad Project New\PGKing.Infrastructure\bin\Debug\net9.0\PGKing.Infrastructure.dll" to "bin\Debug\net9.0\PGKing.Infrastructure.dll". Beginning retry 1 in 1000ms. The process cannot access the file 'D:\Shubham Data\Prahlad Project New\PGKing.UI\bin\Debug\net9.0\PGKing.Infrastructure.dll' because it is being used by another process. The file is locked by: "Microsoft Visual Studio 2022 (26580), PGKing.UI (21216)" [D:\Shubham Data\Prahlad Project New\PGKing.UI\PGKing.UI.csproj]
C:\Program Files\dotnet\sdk\9.0.306\Microsoft.Common.CurrentVersion.targets(5093,5): warning MSB3026: Could not copy "D:\Shubham Data\Prahlad Project New\PGKing.Application\bin\Debug\net9.0\PGKing.Application.dll" to "bin\Debug\net9.0\PGKing.Application.dll". Beginning retry 2 in 1000ms. The process cannot access the file 'D:\Shubham Data\Prahlad Project New\PGKing.UI\bin\Debug\net9.0\PGKing.Application.dll' because it is being used by another process. The file is locked by: "PGKing.UI (21216)" [D:\Shubham Data\Prahlad Project New\PGKing.UI\PGKing.UI.csproj]
C:\Program Files\dotnet\sdk\9.0.306\Microsoft.Common.CurrentVersion.targets(5093,5): warning MSB3026: Could not copy "D:\Shubham Data\Prahlad Project New\PGKing.Infrastructure\bin\Debug\net9.0\PGKing.Infrastructure.dll" to "bin\Debug\net9.0\PGKing.Infrastructure.dll". Beginning retry 2 in 1000ms. The process cannot access the file 'D:\Shubham Data\Prahlad Project New\PGKing.UI\bin\Debug\net9.0\PGKing.Infrastructure.dll' because it is being used by another process. The file is locked by: "Microsoft Visual Studio 2022 (26580), PGKing.UI (21216)" [D:\Shubham Data\Prahlad Project New\PGKing.UI\PGKing.UI.csproj]
C:\Program Files\dotnet\sdk\9.0.306\Microsoft.Common.CurrentVersion.targets(5093,5): warning MSB3026: Could not copy "D:\Shubham Data\Prahlad Project New\PGKing.Application\bin\Debug\net9.0\PGKing.Application.dll" to "bin\Debug\net9.0\PGKing.Application.dll". Beginning retry 3 in 1000ms. The process cannot access the file 'D:\Shubham Data\Prahlad Project New\PGKing.UI\bin\Debug\net9.0\PGKing.Application.dll' because it is being used by another process. The file is locked by: "PGKing.UI (21216)" [D:\Shubham Data\Prahlad Project New\PGKing.UI\PGKing.UI.csproj]
C:\Program Files\dotnet\sdk\9.0.306\Microsoft.Common.CurrentVersion.targets(5093,5): warning MSB3026: Could not copy "D:\Shubham Data\Prahlad Project New\PGKing.Infrastructure\bin\Debug\net9.0\PGKing.Infrastructure.dll" to "bin\Debug\net9.0\PGKing.Infrastructure.dll". Beginning retry 3 in 1000ms. The process cannot access the file 'D:\Shubham Data\Prahlad Project New\PGKing.UI\bin\Debug\net9.0\PGKing.Infrastructure.dll' because it is being used by another process. The file is locked by: "Microsoft Visual Studio 2022 (26580), PGKing.UI (21216)" [D:\Shubham Data\Prahlad Project New\PGKing.UI\PGKing.UI.csproj]
C:\Program Files\dotnet\sdk\9.0.306\Microsoft.Common.CurrentVersion.targets(5093,5): warning MSB3026: Could not copy "D:\Shubham Data\Prahlad Project New\PGKing.Application\bin\Debug\net9.0\PGKing.Application.dll" to "bin\Debug\net9.0\PGKing.Application.dll". Beginning retry 4 in 1000ms. The process cannot access the file 'D:\Shubham Data\Prahlad Project New\PGKing.UI\bin\Debug\net9.0\PGKing.Application.dll' because it is being used by another process. The file is locked by: "PGKing.UI (21216)" [D:\Shubham Data\Prahlad Project New\PGKing.UI\PGKing.UI.csproj]
C:\Program Files\dotnet\sdk\9.0.306\Microsoft.Common.CurrentVersion.targets(5093,5): warning MSB3026: Could not copy "D:\Shubham Data\Prahlad Project New\PGKing.Infrastructure\bin\Debug\net9.0\PGKing.Infrastructure.dll" to "bin\Debug\net9.0\PGKing.Infrastructure.dll". Beginning retry 4 in 1000ms. The process cannot access the file 'D:\Shubham Data\Prahlad Project New\PGKing.UI\bin\Debug\net9.0\PGKing.Infrastructure.dll' because it is being used by another process. The file is locked by: "Microsoft Visual Studio 2022 (26580), PGKing.UI (21216)" [D:\Shubham Data\Prahlad Project New\PGKing.UI\PGKing.UI.csproj]
C:\Program Files\dotnet\sdk\9.0.306\Microsoft.Common.CurrentVersion.targets(5093,5): warning MSB3026: Could not copy "D:\Shubham Data\Prahlad Project New\PGKing.Application\bin\Debug\net9.0\PGKing.Application.dll" to "bin\Debug\net9.0\PGKing.Application.dll". Beginning retry 5 in 1000ms. The process cannot access the file 'D:\Shubham Data\Prahlad Project New\PGKing.UI\bin\Debug\net9.0\PGKing.Application.dll' because it is being used by another process. The file is locked by: "PGKing.UI (21216)" [D:\Shubham Data\Prahlad Project New\PGKing.UI\PGKing.UI.csproj]
C:\Program Files\dotnet\sdk\9.0.306\Microsoft.Common.CurrentVersion.targets(5093,5): warning MSB3026: Could not copy "D:\Shubham Data\Prahlad Project New\PGKing.Infrastructure\bin\Debug\net9.0\PGKing.Infrastructure.dll" to "bin\Debug\net9.0\PGKing.Infrastructure.dll". Beginning retry 5 in 1000ms. The process cannot access the file 'D:\Shubham Data\Prahlad Project New\PGKing.UI\bin\Debug\net9.0\PGKing.Infrastructure.dll' because it is being used by another process. The file is locked by: "Microsoft Visual Studio 2022 (26580), PGKing.UI (21216)" [D:\Shubham Data\Prahlad Project New\PGKing.UI\PGKing.UI.csproj]
C:\Program Files\dotnet\sdk\9.0.306\Microsoft.Common.CurrentVersion.targets(5093,5): warning MSB3026: Could not copy "D:\Shubham Data\Prahlad Project New\PGKing.Application\bin\Debug\net9.0\PGKing.Application.dll" to "bin\Debug\net9.0\PGKing.Application.dll". Beginning retry 6 in 1000ms. The process cannot access the file 'D:\Shubham Data\Prahlad Project New\PGKing.UI\bin\Debug\net9.0\PGKing.Application.dll' because it is being used by another process. The file is locked by: "PGKing.UI (21216)" [D:\Shubham Data\Prahlad Project New\PGKing.UI\PGKing.UI.csproj]
C:\Program Files\dotnet\sdk\9.0.306\Microsoft.Common.CurrentVersion.targets(5093,5): warning MSB3026: Could not copy "D:\Shubham Data\Prahlad Project New\PGKing.Infrastructure\bin\Debug\net9.0\PGKing.Infrastructure.dll" to "bin\Debug\net9.0\PGKing.Infrastructure.dll". Beginning retry 6 in 1000ms. The process cannot access the file 'D:\Shubham Data\Prahlad Project New\PGKing.UI\bin\Debug\net9.0\PGKing.Infrastructure.dll' because it is being used by another process. The file is locked by: "Microsoft Visual Studio 2022 (26580), PGKing.UI (21216)" [D:\Shubham Data\Prahlad Project New\PGKing.UI\PGKing.UI.csproj]
C:\Program Files\dotnet\sdk\9.0.306\Microsoft.Common.CurrentVersion.targets(5093,5): warning MSB3026: Could not copy "D:\Shubham Data\Prahlad Project New\PGKing.Application\bin\Debug\net9.0\PGKing.Application.dll" to "bin\Debug\net9.0\PGKing.Application.dll". Beginning retry 7 in 1000ms. The process cannot access the file 'D:\Shubham Data\Prahlad Project New\PGKing.UI\bin\Debug\net9.0\PGKing.Application.dll' because it is being used by another process. The file is locked by: "PGKing.UI (21216)" [D:\Shubham Data\Prahlad Project New\PGKing.UI\PGKing.UI.csproj]
C:\Program Files\dotnet\sdk\9.0.306\Microsoft.Common.CurrentVersion.targets(5093,5): warning MSB3026: Could not copy "D:\Shubham Data\Prahlad Project New\PGKing.Infrastructure\bin\Debug\net9.0\PGKing.Infrastructure.dll" to "bin\Debug\net9.0\PGKing.Infrastructure.dll". Beginning retry 7 in 1000ms. The process cannot access the file 'D:\Shubham Data\Prahlad Project New\PGKing.UI\bin\Debug\net9.0\PGKing.Infrastructure.dll' because it is being used by another process. The file is locked by: "Microsoft Visual Studio 2022 (26580), PGKing.UI (21216)" [D:\Shubham Data\Prahlad Project New\PGKing.UI\PGKing.UI.csproj]
C:\Program Files\dotnet\sdk\9.0.306\Microsoft.Common.CurrentVersion.targets(5093,5): warning MSB3026: Could not copy "D:\Shubham Data\Prahlad Project New\PGKing.Application\bin\Debug\net9.0\PGKing.Application.dll" to "bin\Debug\net9.0\PGKing.Application.dll". Beginning retry 8 in 1000ms. The process cannot access the file 'D:\Shubham Data\Prahlad Project New\PGKing.UI\bin\Debug\net9.0\PGKing.Application.dll' because it is being used by another process. The file is locked by: "PGKing.UI (21216)" [D:\Shubham Data\Prahlad Project New\PGKing.UI\PGKing.UI.csproj]
C:\Program Files\dotnet\sdk\9.0.306\Microsoft.Common.CurrentVersion.targets(5093,5): warning MSB3026: Could not copy "D:\Shubham Data\Prahlad Project New\PGKing.Infrastructure\bin\Debug\net9.0\PGKing.Infrastructure.dll" to "bin\Debug\net9.0\PGKing.Infrastructure.dll". Beginning retry 8 in 1000ms. The process cannot access the file 'D:\Shubham Data\Prahlad Project New\PGKing.UI\bin\Debug\net9.0\PGKing.Infrastructure.dll' because it is being used by another process. The file is locked by: "Microsoft Visual Studio 2022 (26580), PGKing.UI (21216)" [D:\Shubham Data\Prahlad Project New\PGKing.UI\PGKing.UI.csproj]
C:\Program Files\dotnet\sdk\9.0.306\Microsoft.Common.CurrentVersion.targets(5093,5): warning MSB3026: Could not copy "D:\Shubham Data\Prahlad Project New\PGKing.Application\bin\Debug\net9.0\PGKing.Application.dll" to "bin\Debug\net9.0\PGKing.Application.dll". Beginning retry 9 in 1000ms. The process cannot access the file 'D:\Shubham Data\Prahlad Project New\PGKing.UI\bin\Debug\net9.0\PGKing.Application.dll' because it is being used by another process. The file is locked by: "PGKing.UI (21216)" [D:\Shubham Data\Prahlad Project New\PGKing.UI\PGKing.UI.csproj]
C:\Program Files\dotnet\sdk\9.0.306\Microsoft.Common.CurrentVersion.targets(5093,5): warning MSB3026: Could not copy "D:\Shubham Data\Prahlad Project New\PGKing.Infrastructure\bin\Debug\net9.0\PGKing.Infrastructure.dll" to "bin\Debug\net9.0\PGKing.Infrastructure.dll". Beginning retry 9 in 1000ms. The process cannot access the file 'D:\Shubham Data\Prahlad Project New\PGKing.UI\bin\Debug\net9.0\PGKing.Infrastructure.dll' because it is being used by another process. The file is locked by: "Microsoft Visual Studio 2022 (26580), PGKing.UI (21216)" [D:\Shubham Data\Prahlad Project New\PGKing.UI\PGKing.UI.csproj]
C:\Program Files\dotnet\sdk\9.0.306\Microsoft.Common.CurrentVersion.targets(5093,5): warning MSB3026: Could not copy "D:\Shubham Data\Prahlad Project New\PGKing.Application\bin\Debug\net9.0\PGKing.Application.dll" to "bin\Debug\net9.0\PGKing.Application.dll". Beginning retry 10 in 1000ms. The process cannot access the file 'D:\Shubham Data\Prahlad Project New\PGKing.UI\bin\Debug\net9.0\PGKing.Application.dll' because it is being used by another process. The file is locked by: "PGKing.UI (21216)" [D:\Shubham Data\Prahlad Project New\PGKing.UI\PGKing.UI.csproj]
C:\Program Files\dotnet\sdk\9.0.306\Microsoft.Common.CurrentVersion.targets(5093,5): warning MSB3026: Could not copy "D:\Shubham Data\Prahlad Project New\PGKing.Infrastructure\bin\Debug\net9.0\PGKing.Infrastructure.dll" to "bin\Debug\net9.0\PGKing.Infrastructure.dll". Beginning retry 10 in 1000ms. The process cannot access the file 'D:\Shubham Data\Prahlad Project New\PGKing.UI\bin\Debug\net9.0\PGKing.Infrastructure.dll' because it is being used by another process. The file is locked by: "Microsoft Visual Studio 2022 (26580), PGKing.UI (21216)" [D:\Shubham Data\Prahlad Project New\PGKing.UI\PGKing.UI.csproj]
C:\Program Files\dotnet\sdk\9.0.306\Microsoft.Common.CurrentVersion.targets(5093,5): error MSB3027: Could not copy "D:\Shubham Data\Prahlad Project New\PGKing.Application\bin\Debug\net9.0\PGKing.Application.dll" to "bin\Debug\net9.0\PGKing.Application.dll". Exceeded retry count of 10. Failed. The file is locked by: "PGKing.UI (21216)" [D:\Shubham Data\Prahlad Project New\PGKing.UI\PGKing.UI.csproj]
C:\Program Files\dotnet\sdk\9.0.306\Microsoft.Common.CurrentVersion.targets(5093,5): error MSB3021: Unable to copy file "D:\Shubham Data\Prahlad Project New\PGKing.Application\bin\Debug\net9.0\PGKing.Application.dll" to "bin\Debug\net9.0\PGKing.Application.dll". The process cannot access the file 'D:\Shubham Data\Prahlad Project New\PGKing.UI\bin\Debug\net9.0\PGKing.Application.dll' because it is being used by another process. [D:\Shubham Data\Prahlad Project New\PGKing.UI\PGKing.UI.csproj]
C:\Program Files\dotnet\sdk\9.0.306\Microsoft.Common.CurrentVersion.targets(5093,5): error MSB3027: Could not copy "D:\Shubham Data\Prahlad Project New\PGKing.Infrastructure\bin\Debug\net9.0\PGKing.Infrastructure.dll" to "bin\Debug\net9.0\PGKing.Infrastructure.dll". Exceeded retry count of 10. Failed. The file is locked by: "Microsoft Visual Studio 2022 (26580), PGKing.UI (21216)" [D:\Shubham Data\Prahlad Project New\PGKing.UI\PGKing.UI.csproj]
C:\Program Files\dotnet\sdk\9.0.306\Microsoft.Common.CurrentVersion.targets(5093,5): error MSB3021: Unable to copy file "D:\Shubham Data\Prahlad Project New\PGKing.Infrastructure\bin\Debug\net9.0\PGKing.Infrastructure.dll" to "bin\Debug\net9.0\PGKing.Infrastructure.dll". The process cannot access the file 'D:\Shubham Data\Prahlad Project New\PGKing.UI\bin\Debug\net9.0\PGKing.Infrastructure.dll' because it is being used by another process. [D:\Shubham Data\Prahlad Project New\PGKing.UI\PGKing.UI.csproj]
    34 Warning(s)
    4 Error(s)

Time Elapsed 00:00:14.21

Workload updates are available. Run `dotnet workload list` for more information.
